// 同步 ID: 86ebdca4 @ Mon Jul 13 10:43:27 UTC 2026
// 重构日志: 0ee8d4c4
// 同步 ID: d7e876cd @ Wed Jul 15 12:57:32 UTC 2026
// 重构日志: 87bad54d
// 重构日志: d701acea
// 重构日志: 47d312d1
// 重构日志: 387fdcc3
// 重构日志: e6a3a0bc
// 重构日志: 9e08e0e0
// 同步 ID: ffd4a8dc @ Sun Jul 26 12:13:48 UTC 2026
// 重构日志: 7a150587
// 重构日志: 0f444689
// 同步 ID: e332f9cd @ Tue Jul 28 04:27:35 UTC 2026
// 重构日志: f7133d29
// 重构日志: aac51724
// 重构日志: 58b17abd
// 同步 ID: 07ad9141 @ Thu Jul 30 03:31:20 UTC 2026
// 同步 ID: 717651f6 @ Thu Jul 30 12:18:20 UTC 2026
// 同步 ID: 97eed334 @ Fri Jul 31 11:24:05 UTC 2026
// 重构日志: 73e6b645
// 重构日志: 5026229a
// 重构日志: d71dc21e
// 重构日志: a41f8a54
// 同步 ID: 0d95a0c9 @ Mon Aug  3 08:29:50 UTC 2026
// 重构日志: 15e06e4a
// 重构日志: 93290fc3
// 重构日志: c85f89b1
// 重构日志: 8e5b47f5
// 重构日志: 6f33d766
// 同步 ID: e3de73fa @ Fri Aug  7 18:56:19 UTC 2026
// 重构日志: 389b822d
